H:\online-edu\.venv\lib\site-packages\jwt\utils.py:7: CryptographyDeprecationWarning: Python 3.7 is no longer supported by the Python core team and support for it is deprecated in cryptography. The next release of cryptography will remove support for Python 3.7.
  from cryptography.hazmat.primitives.asymmetric.ec import EllipticCurve
E
======================================================================
ERROR: test_code_submission_flow (__main__.TestSubmissions)
----------------------------------------------------------------------
Traceback (most recent call last):
  File "H:\online-edu\.venv\lib\site-packages\sqlalchemy\engine\base.py", line 1968, in _exec_single_context
    cursor, str_statement, effective_parameters, context
  File "H:\online-edu\.venv\lib\site-packages\sqlalchemy\engine\default.py", line 952, in do_execute
    cursor.execute(statement, parameters)
sqlite3.OperationalError: no such table: users

The above exception was the direct cause of the following exception:

Traceback (most recent call last):
  File "tests/test_submissions.py", line 75, in test_code_submission_flow
    "name": "Student"
  File "H:\online-edu\.venv\lib\site-packages\starlette\testclient.py", line 602, in post
    extensions=extensions,
  File "H:\online-edu\.venv\lib\site-packages\httpx\_client.py", line 1145, in post
    extensions=extensions,
  File "H:\online-edu\.venv\lib\site-packages\starlette\testclient.py", line 478, in request
    extensions=extensions,
  File "H:\online-edu\.venv\lib\site-packages\httpx\_client.py", line 814, in request
    return self.send(request, auth=auth, follow_redirects=follow_redirects)
  File "H:\online-edu\.venv\lib\site-packages\httpx\_client.py", line 905, in send
    history=[],
  File "H:\online-edu\.venv\lib\site-packages\httpx\_client.py", line 932, in _send_handling_auth
    history=history,
  File "H:\online-edu\.venv\lib\site-packages\httpx\_client.py", line 966, in _send_handling_redirects
    response = self._send_single_request(request)
  File "H:\online-edu\.venv\lib\site-packages\httpx\_client.py", line 1002, in _send_single_request
    response = transport.handle_request(request)
  File "H:\online-edu\.venv\lib\site-packages\starlette\testclient.py", line 342, in handle_request
    raise exc
  File "H:\online-edu\.venv\lib\site-packages\starlette\testclient.py", line 339, in handle_request
    portal.call(self.app, scope, receive, send)
  File "H:\online-edu\.venv\lib\site-packages\anyio\from_thread.py", line 277, in call
    return cast(T_Retval, self.start_task_soon(func, *args).result())
  File "C:\Users\user\AppData\Local\Programs\Python\Python37\lib\concurrent\futures\_base.py", line 432, in result
    return self.__get_result()
  File "C:\Users\user\AppData\Local\Programs\Python\Python37\lib\concurrent\futures\_base.py", line 384, in __get_result
    raise self._exception
  File "H:\online-edu\.venv\lib\site-packages\anyio\from_thread.py", line 217, in _call_func
    retval = await retval
  File "H:\online-edu\.venv\lib\site-packages\fastapi\applications.py", line 292, in __call__
    await super().__call__(scope, receive, send)
  File "H:\online-edu\.venv\lib\site-packages\starlette\applications.py", line 122, in __call__
    await self.middleware_stack(scope, receive, send)
  File "H:\online-edu\.venv\lib\site-packages\starlette\middleware\errors.py", line 184, in __call__
    raise exc
  File "H:\online-edu\.venv\lib\site-packages\starlette\middleware\errors.py", line 162, in __call__
    await self.app(scope, receive, _send)
  File "H:\online-edu\.venv\lib\site-packages\uvicorn\middleware\proxy_headers.py", line 78, in __call__
    return await self.app(scope, receive, send)
  File "H:\online-edu\.venv\lib\site-packages\starlette\middleware\sessions.py", line 86, in __call__
    await self.app(scope, receive, send_wrapper)
  File "H:\online-edu\.venv\lib\site-packages\starlette\middleware\cors.py", line 83, in __call__
    await self.app(scope, receive, send)
  File "H:\online-edu\.venv\lib\site-packages\starlette\middleware\exceptions.py", line 79, in __call__
    raise exc
  File "H:\online-edu\.venv\lib\site-packages\starlette\middleware\exceptions.py", line 68, in __call__
    await self.app(scope, receive, sender)
  File "H:\online-edu\.venv\lib\site-packages\fastapi\middleware\asyncexitstack.py", line 20, in __call__
    raise e
  File "H:\online-edu\.venv\lib\site-packages\fastapi\middleware\asyncexitstack.py", line 17, in __call__
    await self.app(scope, receive, send)
  File "H:\online-edu\.venv\lib\site-packages\starlette\routing.py", line 718, in __call__
    await route.handle(scope, receive, send)
  File "H:\online-edu\.venv\lib\site-packages\starlette\routing.py", line 276, in handle
    await self.app(scope, receive, send)
  File "H:\online-edu\.venv\lib\site-packages\starlette\routing.py", line 66, in app
    response = await func(request)
  File "H:\online-edu\.venv\lib\site-packages\fastapi\routing.py", line 274, in app
    dependant=dependant, values=values, is_coroutine=is_coroutine
  File "H:\online-edu\.venv\lib\site-packages\fastapi\routing.py", line 192, in run_endpoint_function
    return await run_in_threadpool(dependant.call, **values)
  File "H:\online-edu\.venv\lib\site-packages\starlette\concurrency.py", line 41, in run_in_threadpool
    return await anyio.to_thread.run_sync(func, *args)
  File "H:\online-edu\.venv\lib\site-packages\anyio\to_thread.py", line 34, in run_sync
    func, *args, cancellable=cancellable, limiter=limiter
  File "H:\online-edu\.venv\lib\site-packages\anyio\_backends\_asyncio.py", line 877, in run_sync_in_worker_thread
    return await future
  File "H:\online-edu\.venv\lib\site-packages\anyio\_backends\_asyncio.py", line 807, in run
    result = context.run(func, *args)
  File "H:\online-edu\backend\app\routers\auth.py", line 104, in register
    db_user = db.query(models.User).filter(models.User.email == user.email).first()
  File "H:\online-edu\.venv\lib\site-packages\sqlalchemy\orm\query.py", line 2759, in first
    return self.limit(1)._iter().first()  # type: ignore
  File "H:\online-edu\.venv\lib\site-packages\sqlalchemy\orm\query.py", line 2860, in _iter
    execution_options={"_sa_orm_load_options": self.load_options},
  File "H:\online-edu\.venv\lib\site-packages\sqlalchemy\orm\session.py", line 2357, in execute
    _add_event=_add_event,
  File "H:\online-edu\.venv\lib\site-packages\sqlalchemy\orm\session.py", line 2255, in _execute_internal
    conn,
  File "H:\online-edu\.venv\lib\site-packages\sqlalchemy\orm\context.py", line 307, in orm_execute_statement
    statement, params or {}, execution_options=execution_options
  File "H:\online-edu\.venv\lib\site-packages\sqlalchemy\engine\base.py", line 1422, in execute
    execution_options or NO_OPTIONS,
  File "H:\online-edu\.venv\lib\site-packages\sqlalchemy\sql\elements.py", line 528, in _execute_on_connection
    self, distilled_params, execution_options
  File "H:\online-edu\.venv\lib\site-packages\sqlalchemy\engine\base.py", line 1651, in _execute_clauseelement
    cache_hit=cache_hit,
  File "H:\online-edu\.venv\lib\site-packages\sqlalchemy\engine\base.py", line 1847, in _execute_context
    dialect, context, statement, parameters
  File "H:\online-edu\.venv\lib\site-packages\sqlalchemy\engine\base.py", line 1987, in _exec_single_context
    e, str_statement, effective_parameters, cursor, context
  File "H:\online-edu\.venv\lib\site-packages\sqlalchemy\engine\base.py", line 2363, in _handle_dbapi_exception
    raise sqlalchemy_exception.with_traceback(exc_info[2]) from e
  File "H:\online-edu\.venv\lib\site-packages\sqlalchemy\engine\base.py", line 1968, in _exec_single_context
    cursor, str_statement, effective_parameters, context
  File "H:\online-edu\.venv\lib\site-packages\sqlalchemy\engine\default.py", line 952, in do_execute
    cursor.execute(statement, parameters)
sqlalchemy.exc.OperationalError: (sqlite3.OperationalError) no such table: users
[SQL: SELECT users.id AS users_id, users.email AS users_email, users.hashed_password AS users_hashed_password, users.full_name AS users_full_name, users.avatar_url AS users_avatar_url, users.bio AS users_bio, users.role AS users_role, users.is_active AS users_is_active, users.google_sub AS users_google_sub, users.current_streak AS users_current_streak, users.xp_points AS users_xp_points, users.is_pro AS users_is_pro, users.stripe_customer_id AS users_stripe_customer_id, users.created_at AS users_created_at 
FROM users 
WHERE users.email = ?
 LIMIT ? OFFSET ?]
[parameters: ('student@test.com', 1, 0)]
(Background on this error at: https://sqlalche.me/e/20/e3q8)

----------------------------------------------------------------------
Ran 1 test in 0.038s

FAILED (errors=1)
